ubuntu@ip-10-1-10-235:~$ mysql -h udacity.ckpfvtwvbn96.eu-west-1.rds.amazonaws.com -u admin -p
Enter password: 
Welcome to the MySQL monitor.  Commands end with ; or \g.
Your MySQL connection id is 2008
Server version: 8.0.20 Source distribution

Copyright (c) 2000, 2020, Oracle and/or its affiliates. All rights reserved.

Oracle is a registered trademark of Oracle Corporation and/or its
affiliates. Other names may be trademarks of their respective
owners.

Type 'help;' or '\h' for help. Type '\c' to clear the current input statement.

mysql> show databases;
+--------------------+
| Database           |
+--------------------+
| information_schema |
| mysql              |
| performance_schema |
| sys                |
| udacity            |
+--------------------+
5 rows in set (0.05 sec)

mysql> use udacity;
Reading table information for completion of table and column names
You can turn off this feature to get a quicker startup with -A

Database changed
mysql> show tables;
+-------------------+
| Tables_in_udacity |
+-------------------+
| person            |
+-------------------+
1 row in set (0.01 sec)

mysql> select * from person;
+---------+-------------+
| name    | surname     |
+---------+-------------+
| Edgaras | Baranauskas |
+---------+-------------+
1 row in set (0.01 sec)

mysql> insert into person (name, surname) values ('John', 'Doe');
ERROR 1290 (HY000): The MySQL server is running with the --read-only option so it cannot execute this statement